╭──────────────────────────────────────────────────────────╮
│  ⣿ foo                                                   │
│                                                          │
│  No matches                                              │
│                                                          │
│                                                          │
│                                                          │
│                                                          │
│                                                          │
│                                                          │
│                                                          │
│                                                          │
│  ↑↓ navigate • enter execute • esc cancel                │
╰──────────────────────────────────────────────────────────╯