╭──────────────────────────────────────────────────────────╮
│  ⣿                                                       │
│                                                          │
│  ↑↓ navigate • enter execute • esc cancel                │
╰──────────────────────────────────────────────────────────╯