╭──────────────────────────────────────────────────────────╮
│  ⣿ >open                                                 │
│                                                          │
│  Open file                                               │
│  open a file in the editor                               │
│  Open in new tab                                         │
│  open in a new tab                                       │
│                                                          │
│                                                          │
│                                                          │
│                                                          │
│                                                          │
│                                                          │
│                                                          │
│  ↑↓ navigate • enter execute • esc cancel                │
╰──────────────────────────────────────────────────────────╯