╭──────────────────────────────────────────────────────────╮
│  ⣿ >                                                     │
│                                                          │
│  e                                                       │
│  f                                                       │
│  g                                                       │
│  h                                                       │
│                                                          │
│                                                          │
│                                                          │
│                                                          │
│                                                          │
│  ○ ● ○                                                   │
│                                                          │
│  ↑↓ navigate • enter execute • esc cancel                │
╰──────────────────────────────────────────────────────────╯